// Jest Snapshot v1, https://goo.gl/fbAQLP

exports[`Race component should render 1`] = `
<DocumentFragment>
  <div
    class="css-0"
  >
    <div
      class="css-j7qwjs"
    >
      <div
        class="css-17bmav7"
      >
        example:
        <div
          class="css-129h599"
        >
          <div
            aria-valuemax="100"
            aria-valuemin="0"
            aria-valuenow="0"
            class="css-1h4aii8-Progress"
            role="progressbar"
          />
        </div>
      </div>
      <div
        class="css-17bmav7"
      >
        Me:
        <div
          class="css-129h599"
        >
          <div
            aria-valuemax="100"
            aria-valuemin="0"
            aria-valuenow="0"
            class="css-1h4aii8-Progress"
            role="progressbar"
          />
        </div>
      </div>
    </div>
    <div
      class="css-1n9dt9s"
    >
      <span
        class="css-t8qplp"
      >
        Hello,
      </span>
      <span
        class="css-wqg8sg"
      >
        world.
      </span>
    </div>
    <div
      class="css-13pmxen"
    >
      <div
        class="css-1wogw8c"
      >
        <input
          aria-disabled="true"
          class="css-nyqcqm"
          disabled=""
          name="race"
          placeholder="Hello,"
          value=""
        />
      </div>
    </div>
    <div
      class="css-0"
    />
  </div>
</DocumentFragment>
`;
