// Jest Snapshot v1, https://goo.gl/fbAQLP

exports[`RaceCountdown component should render 1`] = `<DocumentFragment />`;
