// Jest Snapshot v1, https://goo.gl/fbAQLP

exports[`RaceProgress component should render 1`] = `
<DocumentFragment>
  <div
    class="css-j7qwjs"
  >
    <div
      class="css-17bmav7"
    >
      me:
      <div
        class="css-129h599"
      >
        <div
          aria-valuemax="100"
          aria-valuemin="0"
          aria-valuenow="0"
          class="css-1h4aii8-Progress"
          role="progressbar"
        />
      </div>
    </div>
    <div
      class="css-17bmav7"
    >
      Frank:
      <div
        class="css-129h599"
      >
        <div
          aria-valuemax="100"
          aria-valuemin="0"
          aria-valuenow="0"
          class="css-1h4aii8-Progress"
          role="progressbar"
        />
      </div>
    </div>
  </div>
</DocumentFragment>
`;
